// Jest Snapshot v1, https://goo.gl/fbAQLP

exports[`ModifBackButton Component matches the snapshot 1`] = `
<DocumentFragment>
  <div
    class="w-full row-span-1 grid grid-flow-col grid-cols-6 colbottom-0 content-center pl-6 pr-6"
  >
    <div
      class="w-full col-span-5 justify-items-center flex-row content-center"
    >
      <h1
        class="text-3xl font-bold text-black"
      >
        Modifications
      </h1>
    </div>
    <div
      class="col-span-1 w-full grid justify-items-end float-right"
    >
      <button>
        <svg
          color="black"
          fill="currentColor"
          height="40"
          stroke="currentColor"
          stroke-width="0"
          style="color: black;"
          viewBox="0 0 24 24"
          width="40"
          xmlns="http://www.w3.org/2000/svg"
        >
          <path
            d="M4.97 13.22a.75.75 0 0 1 1.06 0L11 18.19V3.75a.75.75 0 0 1 1.5 0v14.44l4.97-4.97a.749.749 0 0 1 1.275.326.749.749 0 0 1-.215.734l-6.25 6.25a.75.75 0 0 1-1.06 0l-6.25-6.25a.75.75 0 0 1 0-1.06Z"
          />
        </svg>
      </button>
    </div>
  </div>
</DocumentFragment>
`;
